{
  "version": "1.5.0",
  "plugins_used": [
    {
      "name": "ArtifactoryDetector"
    },
    {
      "name": "AWSKeyDetector"
    },
    {
      "name": "AzureStorageKeyDetector"
    },
    {
      "name": "Base64HighEntropyString",
      "limit": 4.5
    },
    {
      "name": "BasicAuthDetector"
    },
    {
      "name": "CloudantDetector"
    },
    {
      "name": "DiscordBotTokenDetector"
    },
    {
      "name": "GitHubTokenDetector"
    },
    {
      "name": "GitLabTokenDetector"
    },
    {
      "name": "HexHighEntropyString",
      "limit": 3.0
    },
    {
      "name": "IbmCloudIamDetector"
    },
    {
      "name": "IbmCosHmacDetector"
    },
    {
      "name": "IPPublicDetector"
    },
    {
      "name": "JwtTokenDetector"
    },
    {
      "name": "KeywordDetector",
      "keyword_exclude": ""
    },
    {
      "name": "MailchimpDetector"
    },
    {
      "name": "NpmDetector"
    },
    {
      "name": "OpenAIDetector"
    },
    {
      "name": "PrivateKeyDetector"
    },
    {
      "name": "PypiTokenDetector"
    },
    {
      "name": "SendGridDetector"
    },
    {
      "name": "SlackDetector"
    },
    {
      "name": "SoftlayerDetector"
    },
    {
      "name": "SquareOAuthDetector"
    },
    {
      "name": "StripeDetector"
    },
    {
      "name": "TelegramBotTokenDetector"
    },
    {
      "name": "TwilioKeyDetector"
    }
  ],
  "filters_used": [
    {
      "path": "detect_secrets.filters.allowlist.is_line_allowlisted"
    },
    {
      "path": "detect_secrets.filters.common.is_ignored_due_to_verification_policies",
      "min_level": 2
    },
    {
      "path": "detect_secrets.filters.heuristic.is_indirect_reference"
    },
    {
      "path": "detect_secrets.filters.heuristic.is_likely_id_string"
    },
    {
      "path": "detect_secrets.filters.heuristic.is_lock_file"
    },
    {
      "path": "detect_secrets.filters.heuristic.is_not_alphanumeric_string"
    },
    {
      "path": "detect_secrets.filters.heuristic.is_potential_uuid"
    },
    {
      "path": "detect_secrets.filters.heuristic.is_prefixed_with_dollar_sign"
    },
    {
      "path": "detect_secrets.filters.heuristic.is_sequential_string"
    },
    {
      "path": "detect_secrets.filters.heuristic.is_swagger_file"
    },
    {
      "path": "detect_secrets.filters.heuristic.is_templated_secret"
    }
  ],
  "results": {
    "docker-compose.yml": [
      {
        "type": "Secret Keyword",
        "filename": "docker-compose.yml",
        "hashed_secret": "f6808eceea00ea523d59abc6232adee21cbd03ca",
        "is_verified": false,
        "line_number": 15
      }
    ],
    "package.json": [
      {
        "type": "Secret Keyword",
        "filename": "package.json",
        "hashed_secret": "23fe8ac361332cec7e814ef1f213f6013aee0c7c",
        "is_verified": false,
        "line_number": 16
      }
    ],
    "src/logger.test.ts": [
      {
        "type": "Secret Keyword",
        "filename": "src/logger.test.ts",
        "hashed_secret": "d8bb04dddbecd3eb0eaa36481f878a4a60caeabc",
        "is_verified": false,
        "line_number": 34
      }
    ],
    "src/routes/audit.test.ts": [
      {
        "type": "Secret Keyword",
        "filename": "src/routes/audit.test.ts",
        "hashed_secret": "3f9aee36cde1f4cc0a6619a603ed32d4692c3e06",
        "is_verified": false,
        "line_number": 99
      }
    ],
    "src/routes/cloud.test.ts": [
      {
        "type": "Secret Keyword",
        "filename": "src/routes/cloud.test.ts",
        "hashed_secret": "f5585a508791d9c65bc5b555cc202863cde8902b",
        "is_verified": false,
        "line_number": 113
      }
    ],
    "src/routes/config.test.ts": [
      {
        "type": "Secret Keyword",
        "filename": "src/routes/config.test.ts",
        "hashed_secret": "3f9aee36cde1f4cc0a6619a603ed32d4692c3e06",
        "is_verified": false,
        "line_number": 9
      }
    ],
    "src/routes/metrics.test.ts": [
      {
        "type": "Secret Keyword",
        "filename": "src/routes/metrics.test.ts",
        "hashed_secret": "3f9aee36cde1f4cc0a6619a603ed32d4692c3e06",
        "is_verified": false,
        "line_number": 9
      }
    ],
    "src/routes/ops.test.ts": [
      {
        "type": "Secret Keyword",
        "filename": "src/routes/ops.test.ts",
        "hashed_secret": "3f9aee36cde1f4cc0a6619a603ed32d4692c3e06",
        "is_verified": false,
        "line_number": 81
      }
    ]
  },
  "generated_at": "2026-08-08T17:43:06Z"
}
